src/pages/TeacherPanel.tsx(6,23): error TS2305: Module '"../types"' has no exported member 'Quiz'.
